0000 ;              0001  	.. ASM test file
0000 ;              0002  	..
0000 ;              0003  	........ 1802 FIG-FORTH ................
0000 ;              0004
0000 ;              0005  BEEP	equ 0
0000 ;              0006
0000 ;              0007  CSTACK	EQU 9		.. forth stack pointer
0000 ;              0008
0000 ;              0009  USIZE	EQU 80H 	.. Number of bytes to copy
0000 ;              0010  					... from origin to the user variable area
0000 ;              0011
0000 ;              0012  LIMITB	EQU 0FC00H
0000 ;              0013
0000 ;              0014  LAST   EQU  ZIP
0000 ;              0015
0000 ;              0016  FUN  EQU  ZAP-4
0000 ;              0017
0000 ;              0018  FORWARD  EQU FAN + 1
0000 ;              0019
0000 ;              0020  FAN  EQU  ZAP - 6
0000 ;              0021
0000 ;              0022  TRICKY   EQU  FAN
0000 ;              0023
0000 ;              0024  NOTADDR EQU LIMITB - 27
0000 ;              0025
0000 ;              0026
0000 ;              0027  ..... These are bad lines, for error trap testing ..............
0000 ;              0028  ..BAD1      EQU    NOPESTER
0000 ;              0029  ..BAD2 EQU 123X
0000 ;              0030  ..BAD3   EQU  FUN x 7
0000 ;              0031  ..BAD4   EQU  FUN +
0000 ;              0032  ..BAD5   EQU  0123456H + 2
0000 ;              0033  ..LOAD RF, FOO
0000 ;              0034  ................................................................
0000 ;              0035
0000 ;              0036
0000 ;              0037  	..SETUP ROUTINES
0000 ;              0038
0000 71;            0039  	DIS
0001 00;            0040  	DC 00
0002 ;              0041
0002 F800B3;        0042  	LDI A.1(START); PHI R3
0005 F810A3;        0043  	LDI A.0(START); PLO R3
0008 ;              0044
0008 ;              0045  	ORG 10H
0010 ;              0046
0010 C4;            0047  START	NOP		.. vector to the coldstart
0011 C0011A;        0048  	LBR COLD	... code
0014 ;              0049
0014 C4;            0050  	NOP		.. vector to the warmstart
0015 C0011C;        0051  	LBR WARM	... code
0018 ;              0052
0018 070A;          0053  	DC 070AH	..CPU number
001A ;              0054
001A 475818;        0055  WRMLP	LDA R7; STR R8; INC R8
001D 2F8F;          0056  	DEC RF; GLO RF
001F 3A1A;          0057  	BNZ WRMLP
0021 ;              0058
0021 F800B1F842A1;  0059  	LOAD R1, RSTART
0027 F8AAB8F855A8;  0060  	LOAD R8, 0AA55H
002D F801BFF81AAF;  0061  	LOAD RF, COLD
0033 F801BFF81EAF;  0062  	LOAD RF, COLD + 4
0039 ;              0063
0039 ;              0064  	... Let's run FORTH
0039 F801BC;        0065  	LDI A.1(NEXT); PHI RC
003C F820AC;        0066  ZOT	LDI A.0(NEXT); PLO RC
003F ;              0067
003F ;              0068  ZIP
003F ;              0069  ZAP
003F F85BBA;        0070  	LDI A.0(ABORT+2); PHI RA
0042 ;              0071
0042 ;              0072
0042 0058;          0073  RSTART	DC FILLER	..60 USE	(ROMVAR+0)
0044 005A;          0074  	DC NOOP 	..64 'R/W	(etc...)
0046 0058;          0075  	DC FILLER	..68
0048 81A0;          0076  	DC 81A0H	..6A FHEAD
004A 0053;          0077  	DC NOOP-7	..6C FDP
004C ;              0078
004C 864F52494749;  0079  	DC 086H, 'ORIGI', 0CEH	.. ORIGIN
0052 CE;
0053 0052;          0080  	DC BSCR-8
0055 0111;          0081  ORGN	DC CONST
0057 80;            0082  	DC USIZE   .. This should be a single byte!
0058 ;              0083  FILLER
0058 2F;            0084  	DEC RF
0059 ;              0085
0059 ;              0086  ABORT
0059 12;            0087  	INC R2
005A ;              0088
005A ;              0089  BSCR
005A ;              0090  NOOP
005A 1F;            0091  	INC RF
005B ;              0092
005B ;              0093  	..	ORG CONST + 0100H
005B ;              0094  	ORG START + 0100H
0110 03;            0095  	DC 3
0111 ;              0096
0111 ;              0097  CONST
0111 07;            0098  	DC 7
0112 09;            0099  	DC CSTACK   .. This should be one byte or two? Should equates be one or two bytes?
0113 003F;          0100  	DC ZAP
0115 003B;          0101  	DC FUN
0117 011E;          0102  	DC COLD+4H
0119 7B;            0103  	SEQ
011A ;              0104
011A ;              0105  COLD
011A 62;            0106  	OUT 2
011B 70;            0107  	RET
011C ;              0108
011C ;              0109  WARM
011C 6A;            0110  	INP 2
011D C00010;        0111  	LBR START
0120 ;              0112
0120 ;              0113  NEXT
0120 7B7A;          0114  	SEQ; REQ
0122 0124;          0115  FIND	DC $+2
0124 61626364;      0116  	DC 'abcd'
0128 0128;          0117  	DC $
012A ;              0118
012A ;              0119  HEXLITERALS
012A 04;            0120  	DC 4H
012B 24;            0121  	DC 24H
012C 24;            0122  	DC 024H
012D 0123;          0123  	DC 123H
012F 0123;          0124  	DC 0123H
0131 1234;          0125  	DC 1234H
0133 ;              0126
0133 ;              0127
0133 ;              0128   IF CSTACK	.. True
0133 0C;            0129  	DC 12
0134 F833;          0130  	LDI 033H
0136 ;              0131   IF 0		.. False, nest 1
0136 ;              0132  	DC 55	.. no code
0136 ;              0133   ELSE
0136 50;            0134  	DC 80
0137 ;              0135   ENDI
0137 3E;            0136  	DC 62
0138 ;              0137   ELSE
0138 ;              0138   IF 1		.. True, nest 1
0138 ;              0139  	DC 56	.. no code
0138 ;              0140   ELSE
0138 ;              0141  	DC 40	.. no code
0138 ;              0142   ENDI
0138 ;              0143  	DC 13	.. no code
0138 ;              0144   ENDI
0138 ;              0145
0138 ;              0146  EARLY
0138 013A;          0147  	DC $ + 2
013A 3038;          0148  	BR EARLY
013C ;              0149
013C ;              0150   IF BEEP		.. False
013C ;              0151   IF 1		.. True, nest 1
013C ;              0152  	DC 56	.. no code
013C ;              0153   ELSE
013C ;              0154  	DC 58	.. no code
013C ;              0155   ENDI
013C ;              0156  	DC 24	.. no code
013C ;              0157  	LDI 099H	.. no code
013C ;              0158  	BR COLD	.. no code
013C ;              0159   ELSE
013C 63;            0160  	DC 99
013D 303F;          0161  	BR LATER
013F ;              0162   ENDI
013F ;              0163
013F ;              0164  LATER
013F 0141;          0165  	DC $ + 2
0141 3022;          0166  	BR FIND
0143 ;              0167
0143 ;              0168  	END
0143 ;              0169
0143 ;              0170
0143 ;              0171
0143 ;              0172
0143 ;              0173
0143 ;              0174
0143 ;              0175


------------------- Symbols by Name ----------------------
           ABORT : {            ABORT    86  label    0x0059  None }
            BEEP : {             BEEP     5    equ    0x0000  0 }
            BSCR : {             BSCR    89  label    0x005A  None }
            COLD : {             COLD   105  label    0x011A  None }
           CONST : {            CONST    97  label    0x0111  None }
          CSTACK : {           CSTACK     7    equ    0x0009  9 }
           EARLY : {            EARLY   146  label    0x0138  None }
             FAN : {              FAN    20    equ    0x0039  ZAP - 6 }
          FILLER : {           FILLER    83  label    0x0058  None }
            FIND : {             FIND   115  label    0x0122  None }
         FORWARD : {          FORWARD    18    equ    0x003A  FAN + 1 }
             FUN : {              FUN    16    equ    0x003B  ZAP-4 }
     HEXLITERALS : {      HEXLITERALS   119  label    0x012A  None }
            LAST : {             LAST    14    equ    0x003F  ZIP }
           LATER : {            LATER   164  label    0x013F  None }
          LIMITB : {           LIMITB    12    equ    0xFC00  0FC00H }
            NEXT : {             NEXT   113  label    0x0120  None }
            NOOP : {             NOOP    90  label    0x005A  None }
         NOTADDR : {          NOTADDR    24    equ    0xFBE5  LIMITB - 27 }
            ORGN : {             ORGN    81  label    0x0055  None }
          RSTART : {           RSTART    73  label    0x0042  None }
           START : {            START    47  label    0x0010  None }
          TRICKY : {           TRICKY    22    equ    0x0039  FAN }
           USIZE : {            USIZE     9    equ    0x0080  80H }
            WARM : {             WARM   109  label    0x011C  None }
           WRMLP : {            WRMLP    55  label    0x001A  None }
             ZAP : {              ZAP    69  label    0x003F  None }
             ZIP : {              ZIP    68  label    0x003F  None }
             ZOT : {              ZOT    66  label    0x003C  None }


ABORT : 0059
BSCR : 005A
COLD : 011A
CONST : 0111
EARLY : 0138
FILLER : 0058
FIND : 0122
HEXLITERALS : 012A
LATER : 013F
NEXT : 0120
NOOP : 005A
ORGN : 0055
RSTART : 0042
START : 0010
WARM : 011C
WRMLP : 001A
ZAP : 003F
ZIP : 003F
ZOT : 003C
